/Users/hughli/Documents/Stevens/Assignment4-Code 2/page-rank/src/edu/stevens/cs549/hadoop/pagerank/NameReducer.java
/Users/hughli/Documents/Stevens/Assignment4-Code 2/page-rank/src/edu/stevens/cs549/hadoop/pagerank/FinReducer.java
/Users/hughli/Documents/Stevens/Assignment4-Code 2/page-rank/src/edu/stevens/cs549/hadoop/pagerank/PageRankDriver.java
/Users/hughli/Documents/Stevens/Assignment4-Code 2/page-rank/src/edu/stevens/cs549/hadoop/pagerank/IterReducer.java
/Users/hughli/Documents/Stevens/Assignment4-Code 2/page-rank/src/edu/stevens/cs549/hadoop/pagerank/InitReducer.java
/Users/hughli/Documents/Stevens/Assignment4-Code 2/page-rank/src/edu/stevens/cs549/hadoop/pagerank/inputMapper.java
/Users/hughli/Documents/Stevens/Assignment4-Code 2/page-rank/src/edu/stevens/cs549/hadoop/pagerank/IterMapper.java
/Users/hughli/Documents/Stevens/Assignment4-Code 2/page-rank/src/edu/stevens/cs549/hadoop/pagerank/DiffRed1.java
/Users/hughli/Documents/Stevens/Assignment4-Code 2/page-rank/src/edu/stevens/cs549/hadoop/pagerank/InitMapper.java
/Users/hughli/Documents/Stevens/Assignment4-Code 2/page-rank/src/edu/stevens/cs549/hadoop/pagerank/DiffMap1.java
/Users/hughli/Documents/Stevens/Assignment4-Code 2/page-rank/src/edu/stevens/cs549/hadoop/pagerank/DiffRed2.java
/Users/hughli/Documents/Stevens/Assignment4-Code 2/page-rank/src/edu/stevens/cs549/hadoop/pagerank/NameMapper.java
/Users/hughli/Documents/Stevens/Assignment4-Code 2/page-rank/src/edu/stevens/cs549/hadoop/pagerank/DiffMap2.java
/Users/hughli/Documents/Stevens/Assignment4-Code 2/page-rank/src/edu/stevens/cs549/hadoop/pagerank/FinMapper.java
